$ /bin/busytex xelatex --no-shell-escape --interaction=batchmode --halt-on-error --no-pdf --fmt /texlive/texmf-dist/texmf-var/web2c/xetex/xelatex.fmt main.tex
EXITCODE: 0

TEXMFLOG:

==
MISSFONTLOG:

==
LOG:
This is XeTeX, Version 3.141592653-2.6-0.999995 (TeX Live 2023_busytexwasm) (preloaded format=xelatex 2024.2.16)  5 SEP 2026 17:51
entering extended mode
 %&-line parsing enabled.
**main.tex
(./main.tex
LaTeX2e <2022-11-01> patch level 1
L3 programming layer <2023-02-22> (/texlive/texmf-dist/tex/latex/base/article.c
ls
Document Class: article 2022/07/02 v1.4n Standard LaTeX document class
(/texlive/texmf-dist/tex/latex/base/size11.clo
File: size11.clo 2022/07/02 v1.4n Standard LaTeX file (size option)
)
\c@part=\count181
\c@section=\count182
\c@subsection=\count183
\c@subsubsection=\count184
\c@paragraph=\count185
\c@subparagraph=\count186
\c@figure=\count187
\c@table=\count188
\abovecaptionskip=\skip48
\belowcaptionskip=\skip49
\bibindent=\dimen140
) (/texmf/texmf-dist/tex/latex/fontspec/fontspec.sty (/texlive/texmf-dist/tex/l
atex/l3packages/xparse/xparse.sty (/texlive/texmf-dist/tex/latex/l3kernel/expl3
.sty
Package: expl3 2023-02-22 L3 programming layer (loader) 
(/texlive/texmf-dist/tex/latex/l3backend/l3backend-xetex.def
File: l3backend-xetex.def 2023-01-16 L3 backend support: XeTeX
\g__graphics_track_int=\count189
\l__pdf_internal_box=\box51
\g__pdf_backend_object_int=\count190
\g__pdf_backend_annotation_int=\count191
\g__pdf_backend_link_int=\count192
))
Package: xparse 2023-02-02 L3 Experimental document command parser
)
Package: fontspec 2022/01/15 v2.8a Font selection for XeLaTeX and LuaLaTeX
(/texmf/texmf-dist/tex/latex/fontspec/fontspec-xetex.sty
Package: fontspec-xetex 2022/01/15 v2.8a Font selection for XeLaTeX and LuaLaTe
X
\l__fontspec_script_int=\count193
\l__fontspec_language_int=\count194
\l__fontspec_strnum_int=\count195
\l__fontspec_tmp_int=\count196
\l__fontspec_tmpa_int=\count197
\l__fontspec_tmpb_int=\count198
\l__fontspec_tmpc_int=\count199
\l__fontspec_em_int=\count266
\l__fontspec_emdef_int=\count267
\l__fontspec_strong_int=\count268
\l__fontspec_strongdef_int=\count269
\l__fontspec_tmpa_dim=\dimen141
\l__fontspec_tmpb_dim=\dimen142
\l__fontspec_tmpc_dim=\dimen143
(/texlive/texmf-dist/tex/latex/base/fontenc.sty
Package: fontenc 2021/04/29 v2.0v Standard LaTeX package
) (/texmf/texmf-dist/tex/latex/fontspec/fontspec.cfg))) (/texlive/texmf-dist/te
x/latex/amsmath/amsmath.sty
Package: amsmath 2022/04/08 v2.17n AMS math features
\@mathmargin=\skip50
For additional information on amsmath, use the `?' option.
(/texlive/texmf-dist/tex/latex/amsmath/amstext.sty
Package: amstext 2021/08/26 v2.01 AMS text
(/texlive/texmf-dist/tex/latex/amsmath/amsgen.sty
File: amsgen.sty 1999/11/30 v2.0 generic functions
\@emptytoks=\toks16
\ex@=\dimen144
)) (/texlive/texmf-dist/tex/latex/amsmath/amsbsy.sty
Package: amsbsy 1999/11/29 v1.2d Bold Symbols
\pmbraise@=\dimen145
) (/texlive/texmf-dist/tex/latex/amsmath/amsopn.sty
Package: amsopn 2022/04/08 v2.04 operator names
)
\inf@bad=\count270
LaTeX Info: Redefining \frac on input line 234.
\uproot@=\count271
\leftroot@=\count272
LaTeX Info: Redefining \overline on input line 399.
LaTeX Info: Redefining \colon on input line 410.
\classnum@=\count273
\DOTSCASE@=\count274
LaTeX Info: Redefining \ldots on input line 496.
LaTeX Info: Redefining \dots on input line 499.
LaTeX Info: Redefining \cdots on input line 620.
\Mathstrutbox@=\box52
\strutbox@=\box53
LaTeX Info: Redefining \big on input line 722.
LaTeX Info: Redefining \Big on input line 723.
LaTeX Info: Redefining \bigg on input line 724.
LaTeX Info: Redefining \Bigg on input line 725.
\big@size=\dimen146
LaTeX Font Info:    Redeclaring font encoding OML on input line 743.
LaTeX Font Info:    Redeclaring font encoding OMS on input line 744.
\macc@depth=\count275
LaTeX Info: Redefining \bmod on input line 905.
LaTeX Info: Redefining \pmod on input line 910.
LaTeX Info: Redefining \smash on input line 940.
LaTeX Info: Redefining \relbar on input line 970.
LaTeX Info: Redefining \Relbar on input line 971.
\c@MaxMatrixCols=\count276
\dotsspace@=\muskip16
\c@parentequation=\count277
\dspbrk@lvl=\count278
\tag@help=\toks17
\row@=\count279
\column@=\count280
\maxfields@=\count281
\andhelp@=\toks18
\eqnshift@=\dimen147
\alignsep@=\dimen148
\tagshift@=\dimen149
\tagwidth@=\dimen150
\totwidth@=\dimen151
\lineht@=\dimen152
\@envbody=\toks19
\multlinegap=\skip51
\multlinetaggap=\skip52
\mathdisplay@stack=\toks20
LaTeX Info: Redefining \[ on input line 2953.
LaTeX Info: Redefining \] on input line 2954.
) (./main.aux)
\openout1 = `main.aux'.

LaTeX Font Info:    Checking defaults for OML/cmm/m/it on input line 22.
LaTeX Font Info:    ... okay on input line 22.
LaTeX Font Info:    Checking defaults for OMS/cmsy/m/n on input line 22.
LaTeX Font Info:    ... okay on input line 22.
LaTeX Font Info:    Checking defaults for OT1/cmr/m/n on input line 22.
LaTeX Font Info:    ... okay on input line 22.
LaTeX Font Info:    Checking defaults for T1/cmr/m/n on input line 22.
LaTeX Font Info:    ... okay on input line 22.
LaTeX Font Info:    Checking defaults for TS1/cmr/m/n on input line 22.
LaTeX Font Info:    Trying to load font information for TS1+cmr on input line 2
2.
(/texlive/texmf-dist/tex/latex/base/ts1cmr.fd
File: ts1cmr.fd 2022/07/10 v2.5l Standard LaTeX font definitions
)
LaTeX Font Info:    ... okay on input line 22.
LaTeX Font Info:    Checking defaults for TU/lmr/m/n on input line 22.
LaTeX Font Info:    ... okay on input line 22.
LaTeX Font Info:    Checking defaults for OMX/cmex/m/n on input line 22.
LaTeX Font Info:    ... okay on input line 22.
LaTeX Font Info:    Checking defaults for U/cmr/m/n on input line 22.
LaTeX Font Info:    ... okay on input line 22.

Package fontspec Info: Adjusting the maths setup (use [no-math] to avoid
(fontspec)             this).

\symlegacymaths=\mathgroup4
LaTeX Font Info:    Overwriting symbol font `legacymaths' in version `bold'
(Font)                  OT1/cmr/m/n --> OT1/cmr/bx/n on input line 22.
LaTeX Font Info:    Redeclaring math accent \acute on input line 22.
LaTeX Font Info:    Redeclaring math accent \grave on input line 22.
LaTeX Font Info:    Redeclaring math accent \ddot on input line 22.
LaTeX Font Info:    Redeclaring math accent \tilde on input line 22.
LaTeX Font Info:    Redeclaring math accent \bar on input line 22.
LaTeX Font Info:    Redeclaring math accent \breve on input line 22.
LaTeX Font Info:    Redeclaring math accent \check on input line 22.
LaTeX Font Info:    Redeclaring math accent \hat on input line 22.
LaTeX Font Info:    Redeclaring math accent \dot on input line 22.
LaTeX Font Info:    Redeclaring math accent \mathring on input line 22.
LaTeX Font Info:    Redeclaring math symbol \Gamma on input line 22.
LaTeX Font Info:    Redeclaring math symbol \Delta on input line 22.
LaTeX Font Info:    Redeclaring math symbol \Theta on input line 22.
LaTeX Font Info:    Redeclaring math symbol \Lambda on input line 22.
LaTeX Font Info:    Redeclaring math symbol \Xi on input line 22.
LaTeX Font Info:    Redeclaring math symbol \Pi on input line 22.
LaTeX Font Info:    Redeclaring math symbol \Sigma on input line 22.
LaTeX Font Info:    Redeclaring math symbol \Upsilon on input line 22.
LaTeX Font Info:    Redeclaring math symbol \Phi on input line 22.
LaTeX Font Info:    Redeclaring math symbol \Psi on input line 22.
LaTeX Font Info:    Redeclaring math symbol \Omega on input line 22.
LaTeX Font Info:    Redeclaring math symbol \mathdollar on input line 22.
LaTeX Font Info:    Redeclaring symbol font `operators' on input line 22.
LaTeX Font Info:    Encoding `OT1' has changed to `TU' for symbol font
(Font)              `operators' in the math version `normal' on input line 22.
LaTeX Font Info:    Overwriting symbol font `operators' in version `normal'
(Font)                  OT1/cmr/m/n --> TU/lmr/m/n on input line 22.
LaTeX Font Info:    Encoding `OT1' has changed to `TU' for symbol font
(Font)              `operators' in the math version `bold' on input line 22.
LaTeX Font Info:    Overwriting symbol font `operators' in version `bold'
(Font)                  OT1/cmr/bx/n --> TU/lmr/m/n on input line 22.
LaTeX Font Info:    Overwriting symbol font `operators' in version `normal'
(Font)                  TU/lmr/m/n --> TU/lmr/m/n on input line 22.
LaTeX Font Info:    Overwriting math alphabet `\mathit' in version `normal'
(Font)                  OT1/cmr/m/it --> TU/lmr/m/it on input line 22.
LaTeX Font Info:    Overwriting math alphabet `\mathbf' in version `normal'
(Font)                  OT1/cmr/bx/n --> TU/lmr/b/n on input line 22.
LaTeX Font Info:    Overwriting math alphabet `\mathsf' in version `normal'
(Font)                  OT1/cmss/m/n --> TU/lmss/m/n on input line 22.
LaTeX Font Info:    Overwriting math alphabet `\mathtt' in version `normal'
(Font)                  OT1/cmtt/m/n --> TU/lmtt/m/n on input line 22.
LaTeX Font Info:    Overwriting symbol font `operators' in version `bold'
(Font)                  TU/lmr/m/n --> TU/lmr/b/n on input line 22.
LaTeX Font Info:    Overwriting math alphabet `\mathit' in version `bold'
(Font)                  OT1/cmr/bx/it --> TU/lmr/b/it on input line 22.
LaTeX Font Info:    Overwriting math alphabet `\mathsf' in version `bold'
(Font)                  OT1/cmss/bx/n --> TU/lmss/b/n on input line 22.
LaTeX Font Info:    Overwriting math alphabet `\mathtt' in version `bold'
(Font)                  OT1/cmtt/m/n --> TU/lmtt/b/n on input line 22.
Missing character: There is no α (U+03B1) in font [lmroman10-regular]:mapping=t
ex-text;!
Missing character: There is no β (U+03B2) in font [lmroman10-regular]:mapping=t
ex-text;!
Missing character: There is no γ (U+03B3) in font [lmroman10-regular]:mapping=t
ex-text;!
Missing character: There is no δ (U+03B4) in font [lmroman10-regular]:mapping=t
ex-text;!
Missing character: There is no ε (U+03B5) in font [lmroman10-regular]:mapping=t
ex-text;!
Missing character: There is no ζ (U+03B6) in font [lmroman10-regular]:mapping=t
ex-text;!
Missing character: There is no η (U+03B7) in font [lmroman10-regular]:mapping=t
ex-text;!
Missing character: There is no θ (U+03B8) in font [lmroman10-regular]:mapping=t
ex-text;!
Missing character: There is no ι (U+03B9) in font [lmroman10-regular]:mapping=t
ex-text;!
Missing character: There is no κ (U+03BA) in font [lmroman10-regular]:mapping=t
ex-text;!
Missing character: There is no λ (U+03BB) in font [lmroman10-regular]:mapping=t
ex-text;!
Missing character: There is no μ (U+03BC) in font [lmroman10-regular]:mapping=t
ex-text;!
Missing character: There is no ν (U+03BD) in font [lmroman10-regular]:mapping=t
ex-text;!
Missing character: There is no ξ (U+03BE) in font [lmroman10-regular]:mapping=t
ex-text;!
Missing character: There is no ο (U+03BF) in font [lmroman10-regular]:mapping=t
ex-text;!
Missing character: There is no П (U+041F) in font [lmroman10-regular]:mapping=t
ex-text;!
Missing character: There is no р (U+0440) in font [lmroman10-regular]:mapping=t
ex-text;!
Missing character: There is no и (U+0438) in font [lmroman10-regular]:mapping=t
ex-text;!
Missing character: There is no в (U+0432) in font [lmroman10-regular]:mapping=t
ex-text;!
Missing character: There is no е (U+0435) in font [lmroman10-regular]:mapping=t
ex-text;!
Missing character: There is no т (U+0442) in font [lmroman10-regular]:mapping=t
ex-text;!
Missing character: There is no м (U+043C) in font [lmroman10-regular]:mapping=t
ex-text;!
Missing character: There is no и (U+0438) in font [lmroman10-regular]:mapping=t
ex-text;!
Missing character: There is no р (U+0440) in font [lmroman10-regular]:mapping=t
ex-text;!
[1

] (./main.aux) ) 
Here is how much of TeX's memory you used:
 3642 strings out of 478682
 105899 string characters out of 5846161
 1846018 words of memory out of 5000000
 23773 multiletter control sequences out of 15000+600000
 516909 words of font info for 57 fonts, out of 8000000 for 9000
 14 hyphenation exceptions out of 8191
 72i,6n,77p,246b,194s stack positions out of 10000i,1000n,20000p,200000b,200000s

Output written on main.xdv (1 page, 6512 bytes).
==
STDOUT:
This is XeTeX, Version 3.141592653-2.6-0.999995 (TeX Live 2023_busytexwasm) (preloaded format=/texlive/texmf-dist/texmf-var/web2c/xetex/xelatex.fmt)
entering extended mode
==
STDERR:
program exited (with status: 0), but keepRuntimeAlive() is set (counter=0) due to an async operation, so halting execution but not exiting the runtime or preventing further async execution (you can use emscripten_force_exit, if you want to force a true shutdown)
======

$ /bin/busytex xdvipdfmx -o main.pdf main.xdv
EXITCODE: 0

TEXMFLOG:

==
MISSFONTLOG:

==
LOG:

==
STDOUT:

==
STDERR:
main.xdv -> main.pdf
[1]
20836 bytes written
======