$ /bin/busytex pdflatex --no-shell-escape --interaction=batchmode --halt-on-error --fmt /texlive/texmf-dist/texmf-var/web2c/pdftex/pdflatex.fmt main.tex
EXITCODE: 0

TEXMFLOG:

==
MISSFONTLOG:

==
LOG:
This is pdfTeX, Version 3.141592653-2.6-1.40.25 (TeX Live 2023_busytexwasm) (preloaded format=pdflatex 2024.2.16)  5 SEP 2026 17:51
entering extended mode
 %&-line parsing enabled.
**main.tex
(./main.tex
LaTeX2e <2022-11-01> patch level 1
L3 programming layer <2023-02-22> (/texlive/texmf-dist/tex/latex/base/article.c
ls
Document Class: article 2022/07/02 v1.4n Standard LaTeX document class
(/texlive/texmf-dist/tex/latex/base/size11.clo
File: size11.clo 2022/07/02 v1.4n Standard LaTeX file (size option)
)
\c@part=\count185
\c@section=\count186
\c@subsection=\count187
\c@subsubsection=\count188
\c@paragraph=\count189
\c@subparagraph=\count190
\c@figure=\count191
\c@table=\count192
\abovecaptionskip=\skip48
\belowcaptionskip=\skip49
\bibindent=\dimen140
) (/texlive/texmf-dist/tex/latex/base/fontenc.sty
Package: fontenc 2021/04/29 v2.0v Standard LaTeX package
) (/texlive/texmf-dist/tex/latex/amsmath/amsmath.sty
Package: amsmath 2022/04/08 v2.17n AMS math features
\@mathmargin=\skip50
For additional information on amsmath, use the `?' option.
(/texlive/texmf-dist/tex/latex/amsmath/amstext.sty
Package: amstext 2021/08/26 v2.01 AMS text
(/texlive/texmf-dist/tex/latex/amsmath/amsgen.sty
File: amsgen.sty 1999/11/30 v2.0 generic functions
\@emptytoks=\toks16
\ex@=\dimen141
)) (/texlive/texmf-dist/tex/latex/amsmath/amsbsy.sty
Package: amsbsy 1999/11/29 v1.2d Bold Symbols
\pmbraise@=\dimen142
) (/texlive/texmf-dist/tex/latex/amsmath/amsopn.sty
Package: amsopn 2022/04/08 v2.04 operator names
)
\inf@bad=\count193
LaTeX Info: Redefining \frac on input line 234.
\uproot@=\count194
\leftroot@=\count195
LaTeX Info: Redefining \overline on input line 399.
LaTeX Info: Redefining \colon on input line 410.
\classnum@=\count196
\DOTSCASE@=\count197
LaTeX Info: Redefining \ldots on input line 496.
LaTeX Info: Redefining \dots on input line 499.
LaTeX Info: Redefining \cdots on input line 620.
\Mathstrutbox@=\box51
\strutbox@=\box52
LaTeX Info: Redefining \big on input line 722.
LaTeX Info: Redefining \Big on input line 723.
LaTeX Info: Redefining \bigg on input line 724.
LaTeX Info: Redefining \Bigg on input line 725.
\big@size=\dimen143
LaTeX Font Info:    Redeclaring font encoding OML on input line 743.
LaTeX Font Info:    Redeclaring font encoding OMS on input line 744.
\macc@depth=\count198
LaTeX Info: Redefining \bmod on input line 905.
LaTeX Info: Redefining \pmod on input line 910.
LaTeX Info: Redefining \smash on input line 940.
LaTeX Info: Redefining \relbar on input line 970.
LaTeX Info: Redefining \Relbar on input line 971.
\c@MaxMatrixCols=\count199
\dotsspace@=\muskip16
\c@parentequation=\count266
\dspbrk@lvl=\count267
\tag@help=\toks17
\row@=\count268
\column@=\count269
\maxfields@=\count270
\andhelp@=\toks18
\eqnshift@=\dimen144
\alignsep@=\dimen145
\tagshift@=\dimen146
\tagwidth@=\dimen147
\totwidth@=\dimen148
\lineht@=\dimen149
\@envbody=\toks19
\multlinegap=\skip51
\multlinetaggap=\skip52
\mathdisplay@stack=\toks20
LaTeX Info: Redefining \[ on input line 2953.
LaTeX Info: Redefining \] on input line 2954.
) (/texlive/texmf-dist/tex/latex/graphics/graphicx.sty
Package: graphicx 2021/09/16 v1.2d Enhanced LaTeX Graphics (DPC,SPQR)
(/texlive/texmf-dist/tex/latex/graphics/keyval.sty
Package: keyval 2022/05/29 v1.15 key=value parser (DPC)
\KV@toks@=\toks21
) (/texlive/texmf-dist/tex/latex/graphics/graphics.sty
Package: graphics 2022/03/10 v1.4e Standard LaTeX Graphics (DPC,SPQR)
(/texlive/texmf-dist/tex/latex/graphics/trig.sty
Package: trig 2021/08/11 v1.11 sin cos tan (DPC)
) (/texlive/texmf-dist/tex/latex/graphics-cfg/graphics.cfg
File: graphics.cfg 2016/06/04 v1.11 sample graphics configuration
)
Package graphics Info: Driver file: pdftex.def on input line 107.
(/texlive/texmf-dist/tex/latex/graphics-def/pdftex.def
File: pdftex.def 2022/09/22 v1.2b Graphics/color driver for pdftex
))
\Gin@req@height=\dimen150
\Gin@req@width=\dimen151
) (/texlive/texmf-dist/tex/latex/natbib/natbib.sty
Package: natbib 2010/09/13 8.31b (PWD, AO)
\bibhang=\skip53
\bibsep=\skip54
LaTeX Info: Redefining \cite on input line 694.
\c@NAT@ctr=\count271
) (./komodoc.sty
Package: komodoc 2026/01/01 v1.0 the corpus's own package
) (/texlive/texmf-dist/tex/latex/l3backend/l3backend-pdftex.def
File: l3backend-pdftex.def 2023-01-16 L3 backend support: PDF output (pdfTeX)
\l__color_backend_stack_int=\count272
\l__pdf_internal_box=\box53
) (./main.aux (./chapters/01.aux) (./chapters/02.aux))
\openout1 = `main.aux'.

LaTeX Font Info:    Checking defaults for OML/cmm/m/it on input line 21.
LaTeX Font Info:    ... okay on input line 21.
LaTeX Font Info:    Checking defaults for OMS/cmsy/m/n on input line 21.
LaTeX Font Info:    ... okay on input line 21.
LaTeX Font Info:    Checking defaults for OT1/cmr/m/n on input line 21.
LaTeX Font Info:    ... okay on input line 21.
LaTeX Font Info:    Checking defaults for T1/cmr/m/n on input line 21.
LaTeX Font Info:    ... okay on input line 21.
LaTeX Font Info:    Checking defaults for TS1/cmr/m/n on input line 21.
LaTeX Font Info:    ... okay on input line 21.
LaTeX Font Info:    Checking defaults for OMX/cmex/m/n on input line 21.
LaTeX Font Info:    ... okay on input line 21.
LaTeX Font Info:    Checking defaults for U/cmr/m/n on input line 21.
LaTeX Font Info:    ... okay on input line 21.
(/texlive/texmf-dist/tex/context/base/mkii/supp-pdf.mkii
[Loading MPS to PDF converter (version 2006.09.02).]
\scratchcounter=\count273
\scratchdimen=\dimen152
\scratchbox=\box54
\nofMPsegments=\count274
\nofMParguments=\count275
\everyMPshowfont=\toks22
\MPscratchCnt=\count276
\MPscratchDim=\dimen153
\MPnumerator=\count277
\makeMPintoPDFobject=\count278
\everyMPtoPDFconversion=\toks23
) [1

{/texlive/texmf-dist/texmf-var/fonts/map/pdftex/updmap/pdftex.map}]
\openout2 = `chapters/01.aux'.

(./chapters/01.tex
LaTeX Font Info:    Trying to load font information for T1+cmtt on input line 3
.
(/texlive/texmf-dist/tex/latex/base/t1cmtt.fd
File: t1cmtt.fd 2022/07/10 v2.5l Standard LaTeX font definitions
)
<fig/one.png, id=11, 64.24pt x 64.24pt>
File: fig/one.png Graphic file (type png)
<use fig/one.png>
Package pdftex.def Info: fig/one.png  used on input line 16.
(pdftex.def)             Requested size: 143.9978pt x 144.00932pt.
) [2

 <./fig/one.png (PNG copy)>]
\openout2 = `chapters/02.aux'.

(./chapters/02.tex
<fig/two.pdf, id=19, 144.54pt x 144.54pt>
File: fig/two.pdf Graphic file (type pdf)
<use fig/two.pdf>
Package pdftex.def Info: fig/two.pdf  used on input line 10.
(pdftex.def)             Requested size: 143.9978pt x 144.00589pt.
) [3



 <./fig/two.pdf>] (./main.bbl) [4


] (./main.aux (./chapters/01.aux) (./chapters/02.aux))

LaTeX Warning: Label(s) may have changed. Rerun to get cross-references right.

 ) 
Here is how much of TeX's memory you used:
 2653 strings out of 477985
 38520 string characters out of 5836496
 1852388 words of memory out of 5000000
 22837 multiletter control sequences out of 15000+600000
 524006 words of font info for 58 fonts, out of 8000000 for 9000
 14 hyphenation exceptions out of 8191
 57i,6n,62p,231b,232s stack positions out of 10000i,1000n,20000p,200000b,200000s

!pdfTeX error: /bin/busytex (file ecti1095): Font ecti1095 at 600 not found
 ==> Fatal error occurred, no output PDF file produced!
==
STDOUT:
This is pdfTeX, Version 3.141592653-2.6-1.40.25 (TeX Live 2023_busytexwasm) (preloaded format=/texlive/texmf-dist/texmf-var/web2c/pdftex/pdflatex.fmt)
entering extended mode
==
STDERR:
kpathsea: Running mktexpk --mfmode / --bdpi 600 --mag 1+0/600 --dpi 600 ecti1095
kpathsea: fork(): Function not implemented
kpathsea: Appending font creation commands to missfont.log.
program exited (with status: 1), but keepRuntimeAlive() is set (counter=0) due to an async operation, so halting execution but not exiting the runtime or preventing further async execution (you can use emscripten_force_exit, if you want to force a true shutdown)
======

$ /bin/busytex bibtex8 --8bit main.aux
EXITCODE: 0

TEXMFLOG:

==
MISSFONTLOG:

==
LOG:
This is 8-bit Big BibTeX version 0.99d-x4.00 (TeX Live 2023)
Implementation:  C for Unix
Release version: 4.00 (22 may 2022)

The top-level auxiliary file: main.aux
A level-1 auxilliary file: chapters/01.aux
A level-1 auxilliary file: chapters/02.aux
The style file: plainnat.bst
Reallocated glb_str_ptr (elt_size=4) to 10 items from 0.
Reallocated global_strs (elt_size=200001) to 10 items from 0.
Reallocated glb_str_end (elt_size=4) to 10 items from 0.
Database file #1: refs.bib

Here's how much of BibTeX's memory you used:
 Cites:                 2 out of 750
 Fields:               44 out of 5000
 Hash table:       199807 out of 200000
 Strings:             606 out of 200000
 Free string pool:   4997 out of 65000
 Wizard functions:   2773 out of 3000
==
STDOUT:
The top-level auxiliary file: main.aux
A level-1 auxilliary file: chapters/01.aux
A level-1 auxilliary file: chapters/02.aux
The style file: plainnat.bst
Database file #1: refs.bib
==
STDERR:
program exited (with status: 0), but keepRuntimeAlive() is set (counter=0) due to an async operation, so halting execution but not exiting the runtime or preventing further async execution (you can use emscripten_force_exit, if you want to force a true shutdown)
======

$ /bin/busytex /bin/busytex pdflatex --no-shell-escape --interaction=batchmode --halt-on-error --fmt /texlive/texmf-dist/texmf-var/web2c/pdftex/pdflatex.fmt main.tex
EXITCODE: 1

TEXMFLOG:

==
MISSFONTLOG:

==
LOG:

==
STDOUT:

==
STDERR:

======