This is pdfTeX, Version 3.14159265-2.6-1.40.21 (SwiftLaTeX PDFTeX 0.3.0) (preloaded format=swiftlatexpdftex)
entering extended mode
(main.tex
LaTeX2e <2020-02-02> patch level 2
L3 programming layer <2020-02-14> (/tex/b20a30ef79872ed1adb42bb47bf86332
Document Class: article 2019/12/20 v1.4l Standard LaTeX document class
(/tex/d3fa3ed15375c8f01c53581e1d26134e)) (/tex/077c6ec1baafb4b622b3f7ea17c8a3db
) (/tex/843c4a4ee0404b93ea384acb44f137ec
For additional information on amsmath, use the `?' option.
(/tex/3c27d940d38027ca930d9ecefc615d81 (/tex/785f0b19d3ed9e5a94c5198c4400685e))
 (/tex/4f806f0319e8e45acb2d0ea8052b7828) (/tex/1bde81ae4bb2198d3f99aa4f0e0b7bd3
)) (/tex/431ccfe3c42cd8e20f956fd60e7d55ce
(/tex/dac21f2d090d1a055b45dcefac77f6f5) (/tex/f293789153e8de00444f2cb031fc66d0
(/tex/06ceddc6a846d34b8ff178ffe49b23b3) (/tex/feb91e48789a21e4acced98e952c77a2)
(/tex/ec21beaab39b6b01b7ff6145f793bdc0)))
(/tex/d2709be806dc7d5f54daa9a16022ba14) (komodoc.sty)
(/tex/2d8863a9c3d4424a5d0f562cbf79f8d1) (main.aux (chapters/01.aux)
(chapters/02.aux)) (/tex/5dd3675b88c7b61d3703e6bf35ed7562
[Loading MPS to PDF converter (version 2006.09.02).]
) [1{/tex/bb30fd463d750450fc5ce5ee9cbf3b81}] (chapters/01.tex
(/tex/3b5132fa78b409d7ea5ce5bc7c954e30)) [2 <fig/one.png (PNG copy)>]
(chapters/02.tex) [3 <fig/two.pdf>] (main.bbl) [4] (main.aux (chapters/01.aux)
(chapters/02.aux)) ){/tex/0b8a4865363ad2acb3718af53a43a8b1}</tex/791b31aa1db860
8d0144b3a40fc0fe53></tex/e3661061e8aa474d6de5ffa916edceb0></tex/f396f52d9ed3498
c15aa7e694baef74c></tex/fdcede8794018df5f2b58f0905fb20a2></tex/8150cbfac5cfe530
40327df171c3059f></tex/2313392f0f4cd974d9da5fb54a52feae></tex/b6ef43f479c1e94d1
414ecd09246af4e></tex/25d355eb0a18758f27081728b8d212b0></tex/2c26adf023e2c900c6
59e02d637595e9></tex/650a5428cc0729742dcf1935dba1f504></tex/3f353abccd39dc18dd1
e9356092a7054></tex/a87c2c41c1653691676348edcbc5c701></tex/e2801427f264f0c7f477
53deb79dc4b1></tex/f8af586f176a1b5d3be55719ca625945></tex/4cb1a499fede8a234ad9a
0b377a2f455>
Output written on main.pdf (4 pages, 199467 bytes).
Transcript written on main.log.
A level-1 auxiliary file: chapters/01.aux
A level-1 auxiliary file: chapters/02.aux
