This is pdfTeX, Version 3.141592653-2.6-1.40.27 (TeX Live 2025/nixos.org) (preloaded format=pdflatex 1980.1.1)  5 SEP 2026 18:39
entering extended mode
 restricted \write18 enabled.
 %&-line parsing enabled.
**main.tex
(./main.tex
LaTeX2e <2025-11-01>
L3 programming layer <2026-01-19>

(/nix/store/wvma59vg0pbm9fis58arixjx3l39qkdc-texlive-combined-full-2025-final-t
exmfdist/tex/latex/base/article.cls
Document Class: article 2025/01/22 v1.4n Standard LaTeX document class

(/nix/store/wvma59vg0pbm9fis58arixjx3l39qkdc-texlive-combined-full-2025-final-t
exmfdist/tex/latex/base/size11.clo
File: size11.clo 2025/01/22 v1.4n Standard LaTeX file (size option)
)
\c@part=\count275
\c@section=\count276
\c@subsection=\count277
\c@subsubsection=\count278
\c@paragraph=\count279
\c@subparagraph=\count280
\c@figure=\count281
\c@table=\count282
\abovecaptionskip=\skip49
\belowcaptionskip=\skip50
\bibindent=\dimen148
)
(/nix/store/wvma59vg0pbm9fis58arixjx3l39qkdc-texlive-combined-full-2025-final-t
exmfdist/tex/latex/base/fontenc.sty
Package: fontenc 2025/07/18 v2.1d Standard LaTeX package
)
(/nix/store/wvma59vg0pbm9fis58arixjx3l39qkdc-texlive-combined-full-2025-final-t
exmfdist/tex/latex/amsmath/amsmath.sty
Package: amsmath 2025/07/09 v2.17z AMS math features
\@mathmargin=\skip51

For additional information on amsmath, use the `?' option.

(/nix/store/wvma59vg0pbm9fis58arixjx3l39qkdc-texlive-combined-full-2025-final-t
exmfdist/tex/latex/amsmath/amstext.sty
Package: amstext 2024/11/17 v2.01 AMS text

(/nix/store/wvma59vg0pbm9fis58arixjx3l39qkdc-texlive-combined-full-2025-final-t
exmfdist/tex/latex/amsmath/amsgen.sty
File: amsgen.sty 1999/11/30 v2.0 generic functions
\@emptytoks=\toks17
\ex@=\dimen149
))
(/nix/store/wvma59vg0pbm9fis58arixjx3l39qkdc-texlive-combined-full-2025-final-t
exmfdist/tex/latex/amsmath/amsbsy.sty
Package: amsbsy 1999/11/29 v1.2d Bold Symbols
\pmbraise@=\dimen150
)
(/nix/store/wvma59vg0pbm9fis58arixjx3l39qkdc-texlive-combined-full-2025-final-t
exmfdist/tex/latex/amsmath/amsopn.sty
Package: amsopn 2022/04/08 v2.04 operator names
)
\inf@bad=\count283
LaTeX Info: Redefining \frac on input line 233.
\uproot@=\count284
\leftroot@=\count285
LaTeX Info: Redefining \overline on input line 398.
LaTeX Info: Redefining \colon on input line 409.
\classnum@=\count286
\DOTSCASE@=\count287
LaTeX Info: Redefining \ldots on input line 495.
LaTeX Info: Redefining \dots on input line 498.
LaTeX Info: Redefining \cdots on input line 619.
\Mathstrutbox@=\box53
\strutbox@=\box54
LaTeX Info: Redefining \big on input line 721.
LaTeX Info: Redefining \Big on input line 722.
LaTeX Info: Redefining \bigg on input line 723.
LaTeX Info: Redefining \Bigg on input line 724.
\big@size=\dimen151
LaTeX Font Info:    Redeclaring font encoding OML on input line 742.
LaTeX Font Info:    Redeclaring font encoding OMS on input line 743.
\macc@depth=\count288
LaTeX Info: Redefining \bmod on input line 904.
LaTeX Info: Redefining \pmod on input line 909.
LaTeX Info: Redefining \smash on input line 939.
LaTeX Info: Redefining \relbar on input line 969.
LaTeX Info: Redefining \Relbar on input line 970.
\c@MaxMatrixCols=\count289
\dotsspace@=\muskip17
\c@parentequation=\count290
\dspbrk@lvl=\count291
\tag@help=\toks18
\row@=\count292
\column@=\count293
\maxfields@=\count294
\andhelp@=\toks19
\eqnshift@=\dimen152
\alignsep@=\dimen153
\tagshift@=\dimen154
\tagwidth@=\dimen155
\totwidth@=\dimen156
\lineht@=\dimen157
\@envbody=\toks20
\multlinegap=\skip52
\multlinetaggap=\skip53
\mathdisplay@stack=\toks21
LaTeX Info: Redefining \[ on input line 2950.
LaTeX Info: Redefining \] on input line 2951.
)
(/nix/store/wvma59vg0pbm9fis58arixjx3l39qkdc-texlive-combined-full-2025-final-t
exmfdist/tex/latex/graphics/graphicx.sty
Package: graphicx 2024/12/31 v1.2e Enhanced LaTeX Graphics (DPC,SPQR)

(/nix/store/wvma59vg0pbm9fis58arixjx3l39qkdc-texlive-combined-full-2025-final-t
exmfdist/tex/latex/graphics/keyval.sty
Package: keyval 2022/05/29 v1.15 key=value parser (DPC)
\KV@toks@=\toks22
)
(/nix/store/wvma59vg0pbm9fis58arixjx3l39qkdc-texlive-combined-full-2025-final-t
exmfdist/tex/latex/graphics/graphics.sty
Package: graphics 2024/08/06 v1.4g Standard LaTeX Graphics (DPC,SPQR)

(/nix/store/wvma59vg0pbm9fis58arixjx3l39qkdc-texlive-combined-full-2025-final-t
exmfdist/tex/latex/graphics/trig.sty
Package: trig 2023/12/02 v1.11 sin cos tan (DPC)
)
(/nix/store/wvma59vg0pbm9fis58arixjx3l39qkdc-texlive-combined-full-2025-final-t
exmfdist/tex/latex/graphics-cfg/graphics.cfg
File: graphics.cfg 2016/06/04 v1.11 sample graphics configuration
)
Package graphics Info: Driver file: pdftex.def on input line 106.

(/nix/store/wvma59vg0pbm9fis58arixjx3l39qkdc-texlive-combined-full-2025-final-t
exmfdist/tex/latex/graphics-def/pdftex.def
File: pdftex.def 2025/09/29 v1.2d Graphics/color driver for pdftex
))
\Gin@req@height=\dimen158
\Gin@req@width=\dimen159
)
(/nix/store/wvma59vg0pbm9fis58arixjx3l39qkdc-texlive-combined-full-2025-final-t
exmfdist/tex/latex/natbib/natbib.sty
Package: natbib 2010/09/13 8.31b (PWD, AO)
\bibhang=\skip54
\bibsep=\skip55
LaTeX Info: Redefining \cite on input line 694.
\c@NAT@ctr=\count295
) (./komodoc.sty
Package: komodoc 2026/01/01 v1.0 the corpus's own package
)
(/nix/store/wvma59vg0pbm9fis58arixjx3l39qkdc-texlive-combined-full-2025-final-t
exmfdist/tex/latex/l3backend/l3backend-pdftex.def
File: l3backend-pdftex.def 2025-10-09 L3 backend support: PDF output (pdfTeX)
\l__color_backend_stack_int=\count296
) (./main.aux
(./chapters/01.aux) (./chapters/02.aux))
\openout1 = `main.aux'.

LaTeX Font Info:    Checking defaults for OML/cmm/m/it on input line 21.
LaTeX Font Info:    ... okay on input line 21.
LaTeX Font Info:    Checking defaults for OMS/cmsy/m/n on input line 21.
LaTeX Font Info:    ... okay on input line 21.
LaTeX Font Info:    Checking defaults for OT1/cmr/m/n on input line 21.
LaTeX Font Info:    ... okay on input line 21.
LaTeX Font Info:    Checking defaults for T1/cmr/m/n on input line 21.
LaTeX Font Info:    ... okay on input line 21.
LaTeX Font Info:    Checking defaults for TS1/cmr/m/n on input line 21.
LaTeX Font Info:    ... okay on input line 21.
LaTeX Font Info:    Checking defaults for OMX/cmex/m/n on input line 21.
LaTeX Font Info:    ... okay on input line 21.
LaTeX Font Info:    Checking defaults for U/cmr/m/n on input line 21.
LaTeX Font Info:    ... okay on input line 21.

(/nix/store/wvma59vg0pbm9fis58arixjx3l39qkdc-texlive-combined-full-2025-final-t
exmfdist/tex/context/base/mkii/supp-pdf.mkii
[Loading MPS to PDF converter (version 2006.09.02).]
\scratchcounter=\count297
\scratchdimen=\dimen160
\scratchbox=\box55
\nofMPsegments=\count298
\nofMParguments=\count299
\everyMPshowfont=\toks23
\MPscratchCnt=\count300
\MPscratchDim=\dimen161
\MPnumerator=\count301
\makeMPintoPDFobject=\count302
\everyMPtoPDFconversion=\toks24
)
(/nix/store/wvma59vg0pbm9fis58arixjx3l39qkdc-texlive-combined-full-2025-final-t
exmfdist/tex/latex/epstopdf-pkg/epstopdf-base.sty
Package: epstopdf-base 2020-01-24 v2.11 Base part for package epstopdf
Package epstopdf-base Info: Redefining graphics rule for `.eps' on input line 4
85.

(/nix/store/wvma59vg0pbm9fis58arixjx3l39qkdc-texlive-combined-full-2025-final-t
exmfdist/tex/latex/latexconfig/epstopdf-sys.cfg
File: epstopdf-sys.cfg 2010/07/13 v1.3 Configuration of (r)epstopdf for TeX Liv
e
)) [1

{/nix/store/rziw6wba5ka2i4h5blyajw1p8s5r58fn-texlive-combined-full-2025-final/s
hare/texmf-var/fonts/map/pdftex/updmap/pdftex.map}{/nix/store/wvma59vg0pbm9fis5
8arixjx3l39qkdc-texlive-combined-full-2025-final-texmfdist/fonts/enc/dvips/cm-s
uper/cm-super-t1.enc}]
\openout2 = `chapters/01.aux'.


(./chapters/01.tex
<fig/one.png, id=11, 64.24pt x 64.24pt>
File: fig/one.png Graphic file (type png)
<use fig/one.png>
Package pdftex.def Info: fig/one.png  used on input line 16.
(pdftex.def)             Requested size: 143.9978pt x 144.00932pt.
) [2

 <./fig/one.png (PNG copy)>]
\openout2 = `chapters/02.aux'.

 (./chapters/02.tex
<fig/two.pdf, id=19, 144.54pt x 144.54pt>
File: fig/two.pdf Graphic file (type pdf)
<use fig/two.pdf>
Package pdftex.def Info: fig/two.pdf  used on input line 10.
(pdftex.def)             Requested size: 143.9978pt x 144.00589pt.
) [3



 <./fig/two.pdf>] (./main.bbl) [4


] (./main.aux (./chapters/01.aux) (./chapters/02.aux))
 ***********
LaTeX2e <2025-11-01>
L3 programming layer <2026-01-19>
 ***********
 ) 
Here is how much of TeX's memory you used:
 2703 strings out of 467533
 41357 string characters out of 5392394
 442143 words of memory out of 5000000
 31595 multiletter control sequences out of 15000+600000
 639440 words of font info for 66 fonts, out of 8000000 for 9000
 1141 hyphenation exceptions out of 8191
 57i,6n,65p,221b,238s stack positions out of 10000i,1000n,20000p,200000b,200000s
</nix/store/wvma59vg0pbm9fis58arixjx3l39qkdc-texlive-combined-full-2025-final
-texmfdist/fonts/type1/public/amsfonts/cm/cmex10.pfb></nix/store/wvma59vg0pbm9f
is58arixjx3l39qkdc-texlive-combined-full-2025-final-texmfdist/fonts/type1/publi
c/amsfonts/cm/cmmi10.pfb></nix/store/wvma59vg0pbm9fis58arixjx3l39qkdc-texlive-c
ombined-full-2025-final-texmfdist/fonts/type1/public/amsfonts/cm/cmmi8.pfb></ni
x/store/wvma59vg0pbm9fis58arixjx3l39qkdc-texlive-combined-full-2025-final-texmf
dist/fonts/type1/public/amsfonts/cm/cmr10.pfb></nix/store/wvma59vg0pbm9fis58ari
xjx3l39qkdc-texlive-combined-full-2025-final-texmfdist/fonts/type1/public/amsfo
nts/cm/cmr8.pfb></nix/store/wvma59vg0pbm9fis58arixjx3l39qkdc-texlive-combined-f
ull-2025-final-texmfdist/fonts/type1/public/amsfonts/cm/cmsy8.pfb></nix/store/w
vma59vg0pbm9fis58arixjx3l39qkdc-texlive-combined-full-2025-final-texmfdist/font
s/type1/public/cm-super/sfbx1000.pfb></nix/store/wvma59vg0pbm9fis58arixjx3l39qk
dc-texlive-combined-full-2025-final-texmfdist/fonts/type1/public/cm-super/sfbx1
095.pfb></nix/store/wvma59vg0pbm9fis58arixjx3l39qkdc-texlive-combined-full-2025
-final-texmfdist/fonts/type1/public/cm-super/sfbx1440.pfb></nix/store/wvma59vg0
pbm9fis58arixjx3l39qkdc-texlive-combined-full-2025-final-texmfdist/fonts/type1/
public/cm-super/sfrm1000.pfb></nix/store/wvma59vg0pbm9fis58arixjx3l39qkdc-texli
ve-combined-full-2025-final-texmfdist/fonts/type1/public/cm-super/sfrm1095.pfb>
</nix/store/wvma59vg0pbm9fis58arixjx3l39qkdc-texlive-combined-full-2025-final-t
exmfdist/fonts/type1/public/cm-super/sfrm1200.pfb></nix/store/wvma59vg0pbm9fis5
8arixjx3l39qkdc-texlive-combined-full-2025-final-texmfdist/fonts/type1/public/c
m-super/sfrm1728.pfb></nix/store/wvma59vg0pbm9fis58arixjx3l39qkdc-texlive-combi
ned-full-2025-final-texmfdist/fonts/type1/public/cm-super/sfti1095.pfb></nix/st
ore/wvma59vg0pbm9fis58arixjx3l39qkdc-texlive-combined-full-2025-final-texmfdist
/fonts/type1/public/cm-super/sftt1095.pfb>
Output written on main.pdf (4 pages, 212821 bytes).
PDF statistics:
 95 PDF objects out of 1000 (max. 8388607)
 56 compressed objects within 1 object stream
 0 named destinations out of 1000 (max. 500000)
 11 words of extra memory for PDF output out of 10000 (max. 10000000)

