$ /bin/busytex pdflatex --no-shell-escape --interaction=nonstopmode --halt-on-error --output-format=pdf --fmt /texlive/texmf-dist/texmf-var/web2c/pdftex/pdflatex.fmt main.tex
EXITCODE: 1

TEXMFLOG:

==
MISSFONTLOG:

==
LOG:
This is pdfTeX, Version 3.141592653-2.6-1.40.25 (TeX Live 2023_busytexwasm) (preloaded format=pdflatex 2024.2.16)  5 SEP 2026 17:51
entering extended mode
 %&-line parsing enabled.
**main.tex
(./main.tex
LaTeX2e <2022-11-01> patch level 1
L3 programming layer <2023-02-22>
(/texlive/texmf-dist/tex/latex/base/article.cls
Document Class: article 2022/07/02 v1.4n Standard LaTeX document class
(/texlive/texmf-dist/tex/latex/base/size11.clo
File: size11.clo 2022/07/02 v1.4n Standard LaTeX file (size option)
)
\c@part=\count185
\c@section=\count186
\c@subsection=\count187
\c@subsubsection=\count188
\c@paragraph=\count189
\c@subparagraph=\count190
\c@figure=\count191
\c@table=\count192
\abovecaptionskip=\skip48
\belowcaptionskip=\skip49
\bibindent=\dimen140
)
(/texlive/texmf-dist/tex/latex/base/fontenc.sty
Package: fontenc 2021/04/29 v2.0v Standard LaTeX package
) (./brokenpkg.sty
Package: brokenpkg 2026/01/01 v1.0 warns on purpose


Package brokenpkg Warning: This package warns on purpose on input line 9.

) (/texlive/texmf-dist/tex/latex/l3backend/l3backend-pdftex.def
File: l3backend-pdftex.def 2023-01-16 L3 backend support: PDF output (pdfTeX)
\l__color_backend_stack_int=\count193
\l__pdf_internal_box=\box51
) (./main.aux
(./chapters/01.aux))
\openout1 = `main.aux'.

LaTeX Font Info:    Checking defaults for OML/cmm/m/it on input line 21.
LaTeX Font Info:    ... okay on input line 21.
LaTeX Font Info:    Checking defaults for OMS/cmsy/m/n on input line 21.
LaTeX Font Info:    ... okay on input line 21.
LaTeX Font Info:    Checking defaults for OT1/cmr/m/n on input line 21.
LaTeX Font Info:    ... okay on input line 21.
LaTeX Font Info:    Checking defaults for T1/cmr/m/n on input line 21.
LaTeX Font Info:    ... okay on input line 21.
LaTeX Font Info:    Checking defaults for TS1/cmr/m/n on input line 21.
LaTeX Font Info:    ... okay on input line 21.
LaTeX Font Info:    Checking defaults for OMX/cmex/m/n on input line 21.
LaTeX Font Info:    ... okay on input line 21.
LaTeX Font Info:    Checking defaults for U/cmr/m/n on input line 21.
LaTeX Font Info:    ... okay on input line 21.
LaTeX Font Info:    External font `cmex10' loaded for size
(Font)              <12> on input line 22.
LaTeX Font Info:    External font `cmex10' loaded for size
(Font)              <8> on input line 22.
LaTeX Font Info:    External font `cmex10' loaded for size
(Font)              <6> on input line 22.
 [1

{/texlive/texmf-dist/texmf-var/fonts/map/pdftex/updmap/pdftex.map}]
\openout2 = `chapters/01.aux'.

 (./chapters/01.tex
! Undefined control sequence.
l.7 \thiscommanddoesnotexist
                             
Here is how much of TeX's memory you used:
 714 strings out of 477985
 11277 string characters out of 5836496
 1850388 words of memory out of 5000000
 20971 multiletter control sequences out of 15000+600000
 519167 words of font info for 47 fonts, out of 8000000 for 9000
 14 hyphenation exceptions out of 8191
 33i,6n,38p,190b,194s stack positions out of 10000i,1000n,20000p,200000b,200000s

!  ==> Fatal error occurred, no output PDF file produced!
==
STDOUT:
This is pdfTeX, Version 3.141592653-2.6-1.40.25 (TeX Live 2023_busytexwasm) (preloaded format=/texlive/texmf-dist/texmf-var/web2c/pdftex/pdflatex.fmt)
entering extended mode
(./main.tex
LaTeX2e <2022-11-01> patch level 1
L3 programming layer <2023-02-22>
(/texlive/texmf-dist/tex/latex/base/article.cls
Document Class: article 2022/07/02 v1.4n Standard LaTeX document class
(/texlive/texmf-dist/tex/latex/base/size11.clo))
(/texlive/texmf-dist/tex/latex/base/fontenc.sty) (./brokenpkg.sty

Package brokenpkg Warning: This package warns on purpose on input line 9.

) (/texlive/texmf-dist/tex/latex/l3backend/l3backend-pdftex.def) (./main.aux
(./chapters/01.aux)) [1{/texlive/texmf-dist/texmf-var/fonts/map/pdftex/updmap/p
dftex.map}] (./chapters/01.tex
! Undefined control sequence.
l.7 \thiscommanddoesnotexist
                            
!  ==> Fatal error occurred, no output PDF file produced!
Transcript written on main.log.
==
STDERR:
program exited (with status: 1), but keepRuntimeAlive() is set (counter=0) due to an async operation, so halting execution but not exiting the runtime or preventing further async execution (you can use emscripten_force_exit, if you want to force a true shutdown)
======